Archive member included to satisfy reference by file (symbol)

c:/mounriver/mounriver_studio/toolchain/risc-v embedded gcc/bin/../lib/gcc/riscv-none-embed/8.2.0/../../../../riscv-none-embed/lib/rv32imac/ilp32\libg_nano.a(lib_a-printf.o)
                              ./User/main.o (printf)
c:/mounriver/mounriver_studio/toolchain/risc-v embedded gcc/bin/../lib/gcc/riscv-none-embed/8.2.0/../../../../riscv-none-embed/lib/rv32imac/ilp32\libg_nano.a(lib_a-putchar.o)
                              ./User/main.o (putchar)
c:/mounriver/mounriver_studio/toolchain/risc-v embedded gcc/bin/../lib/gcc/riscv-none-embed/8.2.0/../../../../riscv-none-embed/lib/rv32imac/ilp32\libg_nano.a(lib_a-puts.o)
                              ./User/main.o (puts)
c:/mounriver/mounriver_studio/toolchain/risc-v embedded gcc/bin/../lib/gcc/riscv-none-embed/8.2.0/../../../../riscv-none-embed/lib/rv32imac/ilp32\libg_nano.a(lib_a-wbuf.o)
                              c:/mounriver/mounriver_studio/toolchain/risc-v embedded gcc/bin/../lib/gcc/riscv-none-embed/8.2.0/../../../../riscv-none-embed/lib/rv32imac/ilp32\libg_nano.a(lib_a-puts.o) (__swbuf_r)
c:/mounriver/mounriver_studio/toolchain/risc-v embedded gcc/bin/../lib/gcc/riscv-none-embed/8.2.0/../../../../riscv-none-embed/lib/rv32imac/ilp32\libg_nano.a(lib_a-wsetup.o)
                              c:/mounriver/mounriver_studio/toolchain/risc-v embedded gcc/bin/../lib/gcc/riscv-none-embed/8.2.0/../../../../riscv-none-embed/lib/rv32imac/ilp32\libg_nano.a(lib_a-puts.o) (__swsetup_r)
c:/mounriver/mounriver_studio/toolchain/risc-v embedded gcc/bin/../lib/gcc/riscv-none-embed/8.2.0/../../../../riscv-none-embed/lib/rv32imac/ilp32\libg_nano.a(lib_a-fflush.o)
                              c:/mounriver/mounriver_studio/toolchain/risc-v embedded gcc/bin/../lib/gcc/riscv-none-embed/8.2.0/../../../../riscv-none-embed/lib/rv32imac/ilp32\libg_nano.a(lib_a-wbuf.o) (_fflush_r)
c:/mounriver/mounriver_studio/toolchain/risc-v embedded gcc/bin/../lib/gcc/riscv-none-embed/8.2.0/../../../../riscv-none-embed/lib/rv32imac/ilp32\libg_nano.a(lib_a-findfp.o)
                              c:/mounriver/mounriver_studio/toolchain/risc-v embedded gcc/bin/../lib/gcc/riscv-none-embed/8.2.0/../../../../riscv-none-embed/lib/rv32imac/ilp32\libg_nano.a(lib_a-printf.o) (__sinit)
c:/mounriver/mounriver_studio/toolchain/risc-v embedded gcc/bin/../lib/gcc/riscv-none-embed/8.2.0/../../../../riscv-none-embed/lib/rv32imac/ilp32\libg_nano.a(lib_a-fwalk.o)
                              c:/mounriver/mounriver_studio/toolchain/risc-v embedded gcc/bin/../lib/gcc/riscv-none-embed/8.2.0/../../../../riscv-none-embed/lib/rv32imac/ilp32\libg_nano.a(lib_a-findfp.o) (_fwalk)
c:/mounriver/mounriver_studio/toolchain/risc-v embedded gcc/bin/../lib/gcc/riscv-none-embed/8.2.0/../../../../riscv-none-embed/lib/rv32imac/ilp32\libg_nano.a(lib_a-impure.o)
                              c:/mounriver/mounriver_studio/toolchain/risc-v embedded gcc/bin/../lib/gcc/riscv-none-embed/8.2.0/../../../../riscv-none-embed/lib/rv32imac/ilp32\libg_nano.a(lib_a-fflush.o) (_global_impure_ptr)
c:/mounriver/mounriver_studio/toolchain/risc-v embedded gcc/bin/../lib/gcc/riscv-none-embed/8.2.0/../../../../riscv-none-embed/lib/rv32imac/ilp32\libg_nano.a(lib_a-makebuf.o)
                              c:/mounriver/mounriver_studio/toolchain/risc-v embedded gcc/bin/../lib/gcc/riscv-none-embed/8.2.0/../../../../riscv-none-embed/lib/rv32imac/ilp32\libg_nano.a(lib_a-wsetup.o) (__smakebuf_r)
c:/mounriver/mounriver_studio/toolchain/risc-v embedded gcc/bin/../lib/gcc/riscv-none-embed/8.2.0/../../../../riscv-none-embed/lib/rv32imac/ilp32\libg_nano.a(lib_a-memset.o)
                              c:/mounriver/mounriver_studio/toolchain/risc-v embedded gcc/bin/../lib/gcc/riscv-none-embed/8.2.0/../../../../riscv-none-embed/lib/rv32imac/ilp32\libg_nano.a(lib_a-findfp.o) (memset)
c:/mounriver/mounriver_studio/toolchain/risc-v embedded gcc/bin/../lib/gcc/riscv-none-embed/8.2.0/../../../../riscv-none-embed/lib/rv32imac/ilp32\libg_nano.a(lib_a-nano-freer.o)
                              c:/mounriver/mounriver_studio/toolchain/risc-v embedded gcc/bin/../lib/gcc/riscv-none-embed/8.2.0/../../../../riscv-none-embed/lib/rv32imac/ilp32\libg_nano.a(lib_a-wsetup.o) (_free_r)
c:/mounriver/mounriver_studio/toolchain/risc-v embedded gcc/bin/../lib/gcc/riscv-none-embed/8.2.0/../../../../riscv-none-embed/lib/rv32imac/ilp32\libg_nano.a(lib_a-nano-mallocr.o)
                              c:/mounriver/mounriver_studio/toolchain/risc-v embedded gcc/bin/../lib/gcc/riscv-none-embed/8.2.0/../../../../riscv-none-embed/lib/rv32imac/ilp32\libg_nano.a(lib_a-findfp.o) (_malloc_r)
c:/mounriver/mounriver_studio/toolchain/risc-v embedded gcc/bin/../lib/gcc/riscv-none-embed/8.2.0/../../../../riscv-none-embed/lib/rv32imac/ilp32\libg_nano.a(lib_a-nano-vfprintf.o)
[...]
Memory Configuration

Name             Origin             Length             Attributes
FLASH            0x0000000000000000 0x0000000000008000 xr
RAM              0x0000000020000000 0x0000000000002800 xrw
*default*        0x0000000000000000 0xffffffffffffffff

Linker script and memory map

LOAD ./User/ch32v20x_it.o
LOAD ./User/main.o
LOAD ./User/system_ch32v20x.o
LOAD ./Startup/startup_ch32v20x_D6.o
LOAD ./Peripheral/src/ch32v20x_adc.o
LOAD ./Peripheral/src/ch32v20x_bkp.o
LOAD ./Peripheral/src/ch32v20x_can.o
LOAD ./Peripheral/src/ch32v20x_crc.o
LOAD ./Peripheral/src/ch32v20x_dbgmcu.o
LOAD ./Peripheral/src/ch32v20x_dma.o
LOAD ./Peripheral/src/ch32v20x_exti.o
LOAD ./Peripheral/src/ch32v20x_flash.o
LOAD ./Peripheral/src/ch32v20x_gpio.o
LOAD ./Peripheral/src/ch32v20x_i2c.o
LOAD ./Peripheral/src/ch32v20x_iwdg.o
LOAD ./Peripheral/src/ch32v20x_misc.o
LOAD ./Peripheral/src/ch32v20x_opa.o
LOAD ./Peripheral/src/ch32v20x_pwr.o
LOAD ./Peripheral/src/ch32v20x_rcc.o
LOAD ./Peripheral/src/ch32v20x_rtc.o
LOAD ./Peripheral/src/ch32v20x_spi.o
LOAD ./Peripheral/src/ch32v20x_tim.o
LOAD ./Peripheral/src/ch32v20x_usart.o
LOAD ./Peripheral/src/ch32v20x_wwdg.o
LOAD ./Debug/debug.o
LOAD ./Core/core_riscv.o
LOAD c:/mounriver/mounriver_studio/toolchain/risc-v embedded gcc/bin/../lib/gcc/riscv-none-embed/8.2.0/rv32imac/ilp32\libgcc.a
LOAD c:/mounriver/mounriver_studio/toolchain/risc-v embedded gcc/bin/../lib/gcc/riscv-none-embed/8.2.0/../../../../riscv-none-embed/lib/rv32imac/ilp32\libg_nano.a
LOAD c:/mounriver/mounriver_studio/toolchain/risc-v embedded gcc/bin/../lib/gcc/riscv-none-embed/8.2.0/../../../../riscv-none-embed/lib/rv32imac/ilp32\libc_nano.a
LOAD c:/mounriver/mounriver_studio/toolchain/risc-v embedded gcc/bin/../lib/gcc/riscv-none-embed/8.2.0/rv32imac/ilp32\libgcc.a
START GROUP
LOAD c:/mounriver/mounriver_studio/toolchain/risc-v embedded gcc/bin/../lib/gcc/riscv-none-embed/8.2.0/rv32imac/ilp32\libgcc.a
LOAD c:/mounriver/mounriver_studio/toolchain/risc-v embedded gcc/bin/../lib/gcc/riscv-none-embed/8.2.0/../../../../riscv-none-embed/lib/rv32imac/ilp32\libc_nano.a
LOAD c:/mounriver/mounriver_studio/toolchain/risc-v embedded gcc/bin/../lib/gcc/riscv-none-embed/8.2.0/../../../../riscv-none-embed/lib/rv32imac/ilp32\libnosys.a
END GROUP
START GROUP
LOAD c:/mounriver/mounriver_studio/toolchain/risc-v embedded gcc/bin/../lib/gcc/riscv-none-embed/8.2.0/rv32imac/ilp32\libgcc.a
LOAD c:/mounriver/mounriver_studio/toolchain/risc-v embedded gcc/bin/../lib/gcc/riscv-none-embed/8.2.0/../../../../riscv-none-embed/lib/rv32imac/ilp32\libc_nano.a
LOAD c:/mounriver/mounriver_studio/toolchain/risc-v embedded gcc/bin/../lib/gcc/riscv-none-embed/8.2.0/../../../../riscv-none-embed/lib/rv32imac/ilp32\libnosys.a
END GROUP
                0x0000000000000800                __stack_size = 0x800
                [!provide]                        PROVIDE (_stack_size = __stack_size)

.init           0x0000000000000000       0x38
                0x0000000000000000                _sinit = .
                0x0000000000000000                . = ALIGN (0x4)
 *(SORT_NONE(.init))
 .init          0x0000000000000000       0x38 ./Startup/startup_ch32v20x_D6.o
                0x0000000000000000                _start
                0x0000000000000038                . = ALIGN (0x4)
                0x0000000000000038                _einit = .

.vector         0x0000000000000038      0x108
 *(.vector)
 .vector        0x0000000000000038       0xfc ./Startup/startup_ch32v20x_D6.o
                0x0000000000000140                . = ALIGN (0x40)
 *fill*         0x0000000000000134        0xc 

.text           0x0000000000000140     0x2174
                0x0000000000000140                . = ALIGN (0x4)
 *(.text)
 .text          0x0000000000000140       0xa8 c:/mounriver/mounriver_studio/toolchain/risc-v embedded gcc/bin/../lib/gcc/riscv-none-embed/8.2.0/../../../../riscv-none-embed/lib/rv32imac/ilp32\libg_nano.a(lib_a-memset.o)
                0x0000000000000140                memset
 *(.text.*)
 .text.NMI_Handler
                0x00000000000001e8        0x4 ./User/ch32v20x_it.o
                0x00000000000001e8                NMI_Handler
 .text.HardFault_Handler
                0x00000000000001ec        0x2 ./User/ch32v20x_it.o
                0x00000000000001ec                HardFault_Handler
 .text.Flash_Test
                0x00000000000001ee      0x180 ./User/main.o
                0x00000000000001ee                Flash_Test
 .text.Flash_Test_Fast
                0x000000000000036e      0x1c8 ./User/main.o
                0x000000000000036e                Flash_Test_Fast
 .text.startup.main
                0x0000000000000536       0x6c ./User/main.o
                0x0000000000000536                main
 .text.SystemInit
                0x00000000000005a2       0xea ./User/system_ch32v20x.o
                0x00000000000005a2                SystemInit
 .text.vector_handler
                0x000000000000068c       0x6c ./Startup/startup_ch32v20x_D6.o
                0x0000000000000690                Ecall_M_Mode_Handler
                0x0000000000000692                Ecall_U_Mode_Handler
                0x0000000000000694                Break_Point_Handler
                0x0000000000000696                SysTick_Handler
                0x0000000000000698                SW_handler
                0x000000000000069a                WWDG_IRQHandler
                0x000000000000069c                PVD_IRQHandler
                0x000000000000069e                TAMPER_IRQHandler
                0x00000000000006a0                RTC_IRQHandler
                0x00000000000006a2                FLASH_IRQHandler
                0x00000000000006a4                RCC_IRQHandler
                0x00000000000006a6                EXTI0_IRQHandler
                0x00000000000006a8                EXTI1_IRQHandler
                0x00000000000006aa                EXTI2_IRQHandler
                0x00000000000006ac                EXTI3_IRQHandler
                0x00000000000006ae                EXTI4_IRQHandler
                0x00000000000006b0                DMA1_Channel1_IRQHandler
                0x00000000000006b2                DMA1_Channel2_IRQHandler
                0x00000000000006b4                DMA1_Channel3_IRQHandler
                0x00000000000006b6                DMA1_Channel4_IRQHandler
                0x00000000000006b8                DMA1_Channel5_IRQHandler
                0x00000000000006ba                DMA1_Channel6_IRQHandler
                0x00000000000006bc                DMA1_Channel7_IRQHandler
                0x00000000000006be                ADC1_2_IRQHandler
                0x00000000000006c0                USB_HP_CAN1_TX_IRQHandler
                0x00000000000006c2                USB_LP_CAN1_RX0_IRQHandler
                0x00000000000006c4                CAN1_RX1_IRQHandler
                0x00000000000006c6                CAN1_SCE_IRQHandler
                0x00000000000006c8                EXTI9_5_IRQHandler
                0x00000000000006ca                TIM1_BRK_IRQHandler
                0x00000000000006cc                TIM1_UP_IRQHandler
                0x00000000000006ce                TIM1_TRG_COM_IRQHandler
                0x00000000000006d0                TIM1_CC_IRQHandler
                0x00000000000006d2                TIM2_IRQHandler
                0x00000000000006d4                TIM3_IRQHandler
                0x00000000000006d6                TIM4_IRQHandler
                0x00000000000006d8                I2C1_EV_IRQHandler
                0x00000000000006da                I2C1_ER_IRQHandler
                0x00000000000006dc                I2C2_EV_IRQHandler
                0x00000000000006de                I2C2_ER_IRQHandler
                0x00000000000006e0                SPI1_IRQHandler
                0x00000000000006e2                SPI2_IRQHandler
                0x00000000000006e4                USART1_IRQHandler
                0x00000000000006e6                USART2_IRQHandler
                0x00000000000006e8                USART3_IRQHandler
                0x00000000000006ea                EXTI15_10_IRQHandler
                0x00000000000006ec                RTCAlarm_IRQHandler
                0x00000000000006ee                USBWakeUp_IRQHandler
                0x00000000000006f0                USBHD_IRQHandler
                0x00000000000006f2                USBHDWakeUp_IRQHandler
                0x00000000000006f4                UART4_IRQHandler
                0x00000000000006f6                DMA1_Channel8_IRQHandler
 .text.handle_reset
                0x00000000000006f8       0x86 ./Startup/startup_ch32v20x_D6.o
                0x00000000000006f8                handle_reset
 .text.FLASH_Unlock
                0x000000000000077e       0x1a ./Peripheral/src/ch32v20x_flash.o
                0x000000000000077e                FLASH_Unlock
 .text.FLASH_Lock
                0x0000000000000798        0xe ./Peripheral/src/ch32v20x_flash.o
                0x0000000000000798                FLASH_Lock
 .text.FLASH_ClearFlag
                0x00000000000007a6        0x8 ./Peripheral/src/ch32v20x_flash.o
                0x00000000000007a6                FLASH_ClearFlag
 .text.FLASH_GetBank1Status
                0x00000000000007ae       0x20 ./Peripheral/src/ch32v20x_flash.o
                0x00000000000007ae                FLASH_GetBank1Status
 .text.FLASH_WaitForLastOperation
                0x00000000000007ce       0x2a ./Peripheral/src/ch32v20x_flash.o
                0x00000000000007ce                FLASH_WaitForLastOperation
 .text.FLASH_ErasePage
                0x00000000000007f8       0x42 ./Peripheral/src/ch32v20x_flash.o
                0x00000000000007f8                FLASH_ErasePage
 .text.FLASH_ProgramHalfWord
                0x000000000000083a       0x3c ./Peripheral/src/ch32v20x_flash.o
                0x000000000000083a                FLASH_ProgramHalfWord
 .text.FLASH_Unlock_Fast
                0x0000000000000876       0x1e ./Peripheral/src/ch32v20x_flash.o
                0x0000000000000876                FLASH_Unlock_Fast
 .text.FLASH_Lock_Fast
                0x0000000000000894        0x2 ./Peripheral/src/ch32v20x_flash.o
                0x0000000000000894                FLASH_Lock_Fast
 .text.FLASH_ErasePage_Fast
                0x0000000000000896       0x2e ./Peripheral/src/ch32v20x_flash.o
                0x0000000000000896                FLASH_ErasePage_Fast
 .text.FLASH_EraseBlock_32K_Fast
                0x00000000000008c4       0x30 ./Peripheral/src/ch32v20x_flash.o
                0x00000000000008c4                FLASH_EraseBlock_32K_Fast
 .text.FLASH_ProgramPage_Fast
                0x00000000000008f4       0x64 ./Peripheral/src/ch32v20x_flash.o
                0x00000000000008f4                FLASH_ProgramPage_Fast
 .text.GPIO_Init
                0x0000000000000958       0xd4 ./Peripheral/src/ch32v20x_gpio.o
                0x0000000000000958                GPIO_Init
 .text.NVIC_PriorityGroupConfig
                0x0000000000000a2c        0x6 ./Peripheral/src/ch32v20x_misc.o
                0x0000000000000a2c                NVIC_PriorityGroupConfig
 .text.RCC_GetClocksFreq
                0x0000000000000a32       0xc6 ./Peripheral/src/ch32v20x_rcc.o
                0x0000000000000a32                RCC_GetClocksFreq
 .text.RCC_APB2PeriphClockCmd
                0x0000000000000af8       0x1e ./Peripheral/src/ch32v20x_rcc.o
                0x0000000000000af8                RCC_APB2PeriphClockCmd
 .text.USART_Init
                0x0000000000000b16       0xd8 ./Peripheral/src/ch32v20x_usart.o
                0x0000000000000b16                USART_Init
 .text.USART_Cmd
                0x0000000000000bee       0x1c ./Peripheral/src/ch32v20x_usart.o
                0x0000000000000bee                USART_Cmd
 .text.USART_SendData
                0x0000000000000c0a        0xa ./Peripheral/src/ch32v20x_usart.o
                0x0000000000000c0a                USART_SendData
 .text.USART_GetFlagStatus
                0x0000000000000c14        0xc ./Peripheral/src/ch32v20x_usart.o
                0x0000000000000c14                USART_GetFlagStatus
 .text.Delay_Init
                0x0000000000000c20       0x26 ./Debug/debug.o
                0x0000000000000c20                Delay_Init
 .text.USART_Printf_Init
                0x0000000000000c46       0x56 ./Debug/debug.o
                0x0000000000000c46                USART_Printf_Init
 .text._write   0x0000000000000c9c       0x4c ./Debug/debug.o
                0x0000000000000c9c                _write
 .text._sbrk    0x0000000000000ce8       0x26 ./Debug/debug.o
                0x0000000000000ce8                _sbrk
 .text.printf   0x0000000000000d0e       0x40 c:/mounriver/mounriver_studio/toolchain/risc-v embedded gcc/bin/../lib/gcc/riscv-none-embed/8.2.0/../../../../riscv-none-embed/lib/rv32imac/ilp32\libg_nano.a(lib_a-printf.o)
                0x0000000000000d0e                iprintf
                0x0000000000000d0e                printf
 .text.putchar  0x0000000000000d4e       0x2a c:/mounriver/mounriver_studio/toolchain/risc-v embedded gcc/bin/../lib/gcc/riscv-none-embed/8.2.0/../../../../riscv-none-embed/lib/rv32imac/ilp32\libg_nano.a(lib_a-putchar.o)
                0x0000000000000d4e                putchar
 .text._puts_r  0x0000000000000d78       0xda c:/mounriver/mounriver_studio/toolchain/risc-v embedded gcc/bin/../lib/gcc/riscv-none-embed/8.2.0/../../../../riscv-none-embed/lib/rv32imac/ilp32\libg_nano.a(lib_a-puts.o)
                0x0000000000000d78                _puts_r
 .text.puts     0x0000000000000e52        0xa c:/mounriver/mounriver_studio/toolchain/risc-v embedded gcc/bin/../lib/gcc/riscv-none-embed/8.2.0/../../../../riscv-none-embed/lib/rv32imac/ilp32\libg_nano.a(lib_a-puts.o)
                0x0000000000000e52                puts
 .text.__swbuf_r
                0x0000000000000e5c       0xc0 c:/mounriver/mounriver_studio/toolchain/risc-v embedded gcc/bin/../lib/gcc/riscv-none-embed/8.2.0/../../../../riscv-none-embed/lib/rv32imac/ilp32\libg_nano.a(lib_a-wbuf.o)
                0x0000000000000e5c                __swbuf_r
 .text.__swsetup_r
                0x0000000000000f1c      0x10c c:/mounriver/mounriver_studio/toolchain/risc-v embedded gcc/bin/../lib/gcc/riscv-none-embed/8.2.0/../../../../riscv-none-embed/lib/rv32imac/ilp32\libg_nano.a(lib_a-wsetup.o)
                0x0000000000000f1c                __swsetup_r
 .text.__sflush_r
                0x0000000000001028      0x13c c:/mounriver/mounriver_studio/toolchain/risc-v embedded gcc/bin/../lib/gcc/riscv-none-embed/8.2.0/../../../../riscv-none-embed/lib/rv32imac/ilp32\libg_nano.a(lib_a-fflush.o)
                0x0000000000001028                __sflush_r
 .text._fflush_r
                0x0000000000001164       0x64 c:/mounriver/mounriver_studio/toolchain/risc-v embedded gcc/bin/../lib/gcc/riscv-none-embed/8.2.0/../../../../riscv-none-embed/lib/rv32imac/ilp32\libg_nano.a(lib_a-fflush.o)
                0x0000000000001164                _fflush_r
 .text.std      0x00000000000011c8       0x6a c:/mounriver/mounriver_studio/toolchain/risc-v embedded gcc/bin/../lib/gcc/riscv-none-embed/8.2.0/../../../../riscv-none-embed/lib/rv32imac/ilp32\libg_nano.a(lib_a-findfp.o)
 .text._cleanup_r
                0x0000000000001232        0xa c:/mounriver/mounriver_studio/toolchain/risc-v embedded gcc/bin/../lib/gcc/riscv-none-embed/8.2.0/../../../../riscv-none-embed/lib/rv32imac/ilp32\libg_nano.a(lib_a-findfp.o)
                0x0000000000001232                _cleanup_r
 .text.__sfmoreglue
                0x000000000000123c       0x46 c:/mounriver/mounriver_studio/toolchain/risc-v embedded gcc/bin/../lib/gcc/riscv-none-embed/8.2.0/../../../../riscv-none-embed/lib/rv32imac/ilp32\libg_nano.a(lib_a-findfp.o)
                0x000000000000123c                __sfmoreglue
 .text.__sinit  0x0000000000001282       0x66 c:/mounriver/mounriver_studio/toolchain/risc-v embedded gcc/bin/../lib/gcc/riscv-none-embed/8.2.0/../../../../riscv-none-embed/lib/rv32imac/ilp32\libg_nano.a(lib_a-findfp.o)
                0x0000000000001282                __sinit
 .text.__sfp    0x00000000000012e8       0x9c c:/mounriver/mounriver_studio/toolchain/risc-v embedded gcc/bin/../lib/gcc/riscv-none-embed/8.2.0/../../../../riscv-none-embed/lib/rv32imac/ilp32\libg_nano.a(lib_a-findfp.o)
                0x00000000000012e8                __sfp
 .text._fwalk_reent
                0x0000000000001384       0x6c c:/mounriver/mounriver_studio/toolchain/risc-v embedded gcc/bin/../lib/gcc/riscv-none-embed/8.2.0/../../../../riscv-none-embed/lib/rv32imac/ilp32\libg_nano.a(lib_a-fwalk.o)
                0x0000000000001384                _fwalk_reent
 .text.__swhatbuf_r
                0x00000000000013f0       0x5a c:/mounriver/mounriver_studio/toolchain/risc-v embedded gcc/bin/../lib/gcc/riscv-none-embed/8.2.0/../../../../riscv-none-embed/lib/rv32imac/ilp32\libg_nano.a(lib_a-makebuf.o)
                0x00000000000013f0                __swhatbuf_r
 .text.__smakebuf_r
                0x000000000000144a       0x9e c:/mounriver/mounriver_studio/toolchain/risc-v embedded gcc/bin/../lib/gcc/riscv-none-embed/8.2.0/../../../../riscv-none-embed/lib/rv32imac/ilp32\libg_nano.a(lib_a-makebuf.o)
                0x000000000000144a                __smakebuf_r
 .text._free_r  0x00000000000014e8       0xa8 c:/mounriver/mounriver_studio/toolchain/risc-v embedded gcc/bin/../lib/gcc/riscv-none-embed/8.2.0/../../../../riscv-none-embed/lib/rv32imac/ilp32\libg_nano.a(lib_a-nano-freer.o)
                0x00000000000014e8                _free_r
 .text._malloc_r
                0x0000000000001590       0xd8 c:/mounriver/mounriver_studio/toolchain/risc-v embedded gcc/bin/../lib/gcc/riscv-none-embed/8.2.0/../../../../riscv-none-embed/lib/rv32imac/ilp32\libg_nano.a(lib_a-nano-mallocr.o)
                0x0000000000001590                _malloc_r
 .text.__sfputc_r
                0x0000000000001668       0x2a c:/mounriver/mounriver_studio/toolchain/risc-v embedded gcc/bin/../lib/gcc/riscv-none-embed/8.2.0/../../../../riscv-none-embed/lib/rv32imac/ilp32\libg_nano.a(lib_a-nano-vfprintf.o)
 .text.__sfputs_r
                0x0000000000001692       0x42 c:/mounriver/mounriver_studio/toolchain/risc-v embedded gcc/bin/../lib/gcc/riscv-none-embed/8.2.0/../../../../riscv-none-embed/lib/rv32imac/ilp32\libg_nano.a(lib_a-nano-vfprintf.o)
                0x0000000000001692                __sfputs_r
 .text._vfprintf_r
                0x00000000000016d4      0x29a c:/mounriver/mounriver_studio/toolchain/risc-v embedded gcc/bin/../lib/gcc/riscv-none-embed/8.2.0/../../../../riscv-none-embed/lib/rv32imac/ilp32\libg_nano.a(lib_a-nano-vfprintf.o)
                0x00000000000016d4                _vfprintf_r
                0x00000000000016d4                _vfiprintf_r
 .text._printf_common
                0x000000000000196e      0x10c c:/mounriver/mounriver_studio/toolchain/risc-v embedded gcc/bin/../lib/gcc/riscv-none-embed/8.2.0/../../../../riscv-none-embed/lib/rv32imac/ilp32\libg_nano.a(lib_a-nano-vfprintf_i.o)
                0x000000000000196e                _printf_common
 .text._printf_i
                0x0000000000001a7a      0x2a8 c:/mounriver/mounriver_studio/toolchain/risc-v embedded gcc/bin/../lib/gcc/riscv-none-embed/8.2.0/../../../../riscv-none-embed/lib/rv32imac/ilp32\libg_nano.a(lib_a-nano-vfprintf_i.o)
                0x0000000000001a7a                _printf_i
 .text._putc_r  0x0000000000001d22       0x86 c:/mounriver/mounriver_studio/toolchain/risc-v embedded gcc/bin/../lib/gcc/riscv-none-embed/8.2.0/../../../../riscv-none-embed/lib/rv32imac/ilp32\libg_nano.a(lib_a-putc.o)
                0x0000000000001d22                _putc_r
 .text._sbrk_r  0x0000000000001da8       0x2a c:/mounriver/mounriver_studio/toolchain/risc-v embedded gcc/bin/../lib/gcc/riscv-none-embed/8.2.0/../../../../riscv-none-embed/lib/rv32imac/ilp32\libg_nano.a(lib_a-sbrkr.o)
                0x0000000000001da8                _sbrk_r
 .text.__sread  0x0000000000001dd2       0x30 c:/mounriver/mounriver_studio/toolchain/risc-v embedded gcc/bin/../lib/gcc/riscv-none-embed/8.2.0/../../../../riscv-none-embed/lib/rv32imac/ilp32\libg_nano.a(lib_a-stdio.o)
                0x0000000000001dd2                __sread
 .text.__swrite
                0x0000000000001e02       0x4e c:/mounriver/mounriver_studio/toolchain/risc-v embedded gcc/bin/../lib/gcc/riscv-none-embed/8.2.0/../../../../riscv-none-embed/lib/rv32imac/ilp32\libg_nano.a(lib_a-stdio.o)
                0x0000000000001e02                __swrite
 .text.__sseek  0x0000000000001e50       0x36 c:/mounriver/mounriver_studio/toolchain/risc-v embedded gcc/bin/../lib/gcc/riscv-none-embed/8.2.0/../../../../riscv-none-embed/lib/rv32imac/ilp32\libg_nano.a(lib_a-stdio.o)
                0x0000000000001e50                __sseek
 .text.__sclose
                0x0000000000001e86        0x6 c:/mounriver/mounriver_studio/toolchain/risc-v embedded gcc/bin/../lib/gcc/riscv-none-embed/8.2.0/../../../../riscv-none-embed/lib/rv32imac/ilp32\libg_nano.a(lib_a-stdio.o)
                0x0000000000001e86                __sclose
 .text._write_r
                0x0000000000001e8c       0x2e c:/mounriver/mounriver_studio/toolchain/risc-v embedded gcc/bin/../lib/gcc/riscv-none-embed/8.2.0/../../../../riscv-none-embed/lib/rv32imac/ilp32\libg_nano.a(lib_a-writer.o)
                0x0000000000001e8c                _write_r
 .text._close_r
                0x0000000000001eba       0x28 c:/mounriver/mounriver_studio/toolchain/risc-v embedded gcc/bin/../lib/gcc/riscv-none-embed/8.2.0/../../../../riscv-none-embed/lib/rv32imac/ilp32\libg_nano.a(lib_a-closer.o)
                0x0000000000001eba                _close_r
 .text._fstat_r
                0x0000000000001ee2       0x2a c:/mounriver/mounriver_studio/toolchain/risc-v embedded gcc/bin/../lib/gcc/riscv-none-embed/8.2.0/../../../../riscv-none-embed/lib/rv32imac/ilp32\libg_nano.a(lib_a-fstatr.o)
                0x0000000000001ee2                _fstat_r
 .text._isatty_r
                0x0000000000001f0c       0x28 c:/mounriver/mounriver_studio/toolchain/risc-v embedded gcc/bin/../lib/gcc/riscv-none-embed/8.2.0/../../../../riscv-none-embed/lib/rv32imac/ilp32\libg_nano.a(lib_a-isattyr.o)
                0x0000000000001f0c                _isatty_r
 .text._lseek_r
                0x0000000000001f34       0x2c c:/mounriver/mounriver_studio/toolchain/risc-v embedded gcc/bin/../lib/gcc/riscv-none-embed/8.2.0/../../../../riscv-none-embed/lib/rv32imac/ilp32\libg_nano.a(lib_a-lseekr.o)
                0x0000000000001f34                _lseek_r
 .text.memchr   0x0000000000001f60       0x1a c:/mounriver/mounriver_studio/toolchain/risc-v embedded gcc/bin/../lib/gcc/riscv-none-embed/8.2.0/../../../../riscv-none-embed/lib/rv32imac/ilp32\libg_nano.a(lib_a-memchr.o)
                0x0000000000001f60                memchr
 .text.__malloc_lock
                0x0000000000001f7a        0x2 c:/mounriver/mounriver_studio/toolchain/risc-v embedded gcc/bin/../lib/gcc/riscv-none-embed/8.2.0/../../../../riscv-none-embed/lib/rv32imac/ilp32\libg_nano.a(lib_a-mlock.o)
                0x0000000000001f7a                __malloc_lock
 .text.__malloc_unlock
                0x0000000000001f7c        0x2 c:/mounriver/mounriver_studio/toolchain/risc-v embedded gcc/bin/../lib/gcc/riscv-none-embed/8.2.0/../../../../riscv-none-embed/lib/rv32imac/ilp32\libg_nano.a(lib_a-mlock.o)
                0x0000000000001f7c                __malloc_unlock
 .text._read_r  0x0000000000001f7e       0x2c c:/mounriver/mounriver_studio/toolchain/risc-v embedded gcc/bin/../lib/gcc/riscv-none-embed/8.2.0/../../../../riscv-none-embed/lib/rv32imac/ilp32\libg_nano.a(lib_a-readr.o)
                0x0000000000001f7e                _read_r
 .text._close   0x0000000000001faa        0xc c:/mounriver/mounriver_studio/toolchain/risc-v embedded gcc/bin/../lib/gcc/riscv-none-embed/8.2.0/../../../../riscv-none-embed/lib/rv32imac/ilp32\libnosys.a(close.o)
                0x0000000000001faa                _close
 .text._fstat   0x0000000000001fb6        0xc c:/mounriver/mounriver_studio/toolchain/risc-v embedded gcc/bin/../lib/gcc/riscv-none-embed/8.2.0/../../../../riscv-none-embed/lib/rv32imac/ilp32\libnosys.a(fstat.o)
                0x0000000000001fb6                _fstat
 .text._isatty  0x0000000000001fc2        0xc c:/mounriver/mounriver_studio/toolchain/risc-v embedded gcc/bin/../lib/gcc/riscv-none-embed/8.2.0/../../../../riscv-none-embed/lib/rv32imac/ilp32\libnosys.a(isatty.o)
                0x0000000000001fc2                _isatty
 .text._lseek   0x0000000000001fce        0xc c:/mounriver/mounriver_studio/toolchain/risc-v embedded gcc/bin/../lib/gcc/riscv-none-embed/8.2.0/../../../../riscv-none-embed/lib/rv32imac/ilp32\libnosys.a(lseek.o)
                0x0000000000001fce                _lseek
 .text._read    0x0000000000001fda        0xc c:/mounriver/mounriver_studio/toolchain/risc-v embedded gcc/bin/../lib/gcc/riscv-none-embed/8.2.0/../../../../riscv-none-embed/lib/rv32imac/ilp32\libnosys.a(read.o)
                0x0000000000001fda                _read
 *(.rodata)
 *(.rodata*)
 *fill*         0x0000000000001fe6        0x2 
 .rodata.Flash_Test.str1.4
                0x0000000000001fe8       0x86 ./User/main.o
 *fill*         0x000000000000206e        0x2 
 .rodata.Flash_Test_Fast.str1.4
                0x0000000000002070       0xc4 ./User/main.o
 .rodata.main.str1.4
                0x0000000000002134       0xe1 ./User/main.o
 *fill*         0x0000000000002215        0x3 
 .rodata.__sf_fake_stderr
                0x0000000000002218       0x20 c:/mounriver/mounriver_studio/toolchain/risc-v embedded gcc/bin/../lib/gcc/riscv-none-embed/8.2.0/../../../../riscv-none-embed/lib/rv32imac/ilp32\libg_nano.a(lib_a-findfp.o)
                0x0000000000002218                __sf_fake_stderr
 .rodata.__sf_fake_stdin
                0x0000000000002238       0x20 c:/mounriver/mounriver_studio/toolchain/risc-v embedded gcc/bin/../lib/gcc/riscv-none-embed/8.2.0/../../../../riscv-none-embed/lib/rv32imac/ilp32\libg_nano.a(lib_a-findfp.o)
                0x0000000000002238                __sf_fake_stdin
 .rodata.__sf_fake_stdout
                0x0000000000002258       0x20 c:/mounriver/mounriver_studio/toolchain/risc-v embedded gcc/bin/../lib/gcc/riscv-none-embed/8.2.0/../../../../riscv-none-embed/lib/rv32imac/ilp32\libg_nano.a(lib_a-findfp.o)
                0x0000000000002258                __sf_fake_stdout
 .rodata._vfprintf_r.str1.4
                0x0000000000002278       0x13 c:/mounriver/mounriver_studio/toolchain/risc-v embedded gcc/bin/../lib/gcc/riscv-none-embed/8.2.0/../../../../riscv-none-embed/lib/rv32imac/ilp32\libg_nano.a(lib_a-nano-vfprintf.o)
 *fill*         0x000000000000228b        0x1 
 .rodata._printf_i.str1.4
                0x000000000000228c       0x28 c:/mounriver/mounriver_studio/toolchain/risc-v embedded gcc/bin/../lib/gcc/riscv-none-embed/8.2.0/../../../../riscv-none-embed/lib/rv32imac/ilp32\libg_nano.a(lib_a-nano-vfprintf_i.o)
                                         0x25 (size before relaxing)
 *(.glue_7)
 *(.glue_7t)
 *(.gnu.linkonce.t.*)
                0x00000000000022b4                . = ALIGN (0x4)

.rela.dyn       0x00000000000022b4        0x0
 .rela.text.Flash_Test
                0x00000000000022b4        0x0 ./User/ch32v20x_it.o
 .rela.init     0x00000000000022b4        0x0 ./User/ch32v20x_it.o
 .rela.vector   0x00000000000022b4        0x0 ./User/ch32v20x_it.o
 .rela.text.handle_reset
                0x00000000000022b4        0x0 ./User/ch32v20x_it.o
 .rela.text._sbrk
                0x00000000000022b4        0x0 ./User/ch32v20x_it.o
 .rela.sdata.curbrk.4573
                0x00000000000022b4        0x0 ./User/ch32v20x_it.o
 .rela.text._vfprintf_r
                0x00000000000022b4        0x0 ./User/ch32v20x_it.o
 .rela.text._sbrk_r
                0x00000000000022b4        0x0 ./User/ch32v20x_it.o
 .rela.text._write_r
                0x00000000000022b4        0x0 ./User/ch32v20x_it.o
 .rela.text._close_r
                0x00000000000022b4        0x0 ./User/ch32v20x_it.o
 .rela.text._fstat_r
                0x00000000000022b4        0x0 ./User/ch32v20x_it.o
 .rela.text._isatty_r
                0x00000000000022b4        0x0 ./User/ch32v20x_it.o
 .rela.text._lseek_r
                0x00000000000022b4        0x0 ./User/ch32v20x_it.o
 .rela.text._read_r
                0x00000000000022b4        0x0 ./User/ch32v20x_it.o
 .rela.text._close
                0x00000000000022b4        0x0 ./User/ch32v20x_it.o
 .rela.text._fstat
                0x00000000000022b4        0x0 ./User/ch32v20x_it.o
 .rela.text._isatty
                0x00000000000022b4        0x0 ./User/ch32v20x_it.o
 .rela.text._lseek
                0x00000000000022b4        0x0 ./User/ch32v20x_it.o
 .rela.text._read
                0x00000000000022b4        0x0 ./User/ch32v20x_it.o

.fini           0x00000000000022b4        0x0
 *(SORT_NONE(.fini))
                0x00000000000022b4                . = ALIGN (0x4)
                [!provide]                        PROVIDE (_etext = .)
                [!provide]                        PROVIDE (_eitcm = .)

.preinit_array  0x00000000000022b4        0x0
                [!provide]                        PROVIDE (__preinit_array_start = .)
 *(.preinit_array)
                [!provide]                        PROVIDE (__preinit_array_end = .)

.init_array     0x00000000000022b4        0x0
                [!provide]                        PROVIDE (__init_array_start = .)
 *(SORT_BY_INIT_PRIORITY(.init_array.*) SORT_BY_INIT_PRIORITY(.ctors.*))
 *(.init_array EXCLUDE_FILE(*crtend?.o *crtend.o *crtbegin?.o *crtbegin.o) .ctors)
                [!provide]                        PROVIDE (__init_array_end = .)

.fini_array     0x00000000000022b4        0x0
                [!provide]                        PROVIDE (__fini_array_start = .)
 *(SORT_BY_INIT_PRIORITY(.fini_array.*) SORT_BY_INIT_PRIORITY(.dtors.*))
 *(.fini_array EXCLUDE_FILE(*crtend?.o *crtend.o *crtbegin?.o *crtbegin.o) .dtors)
                [!provide]                        PROVIDE (__fini_array_end = .)

.ctors
 *crtbegin.o(.ctors)
 *crtbegin?.o(.ctors)
 *(EXCLUDE_FILE(*crtend?.o *crtend.o) .ctors)
 *(SORT_BY_NAME(.ctors.*))
 *(.ctors)

.dtors
 *crtbegin.o(.dtors)
 *crtbegin?.o(.dtors)
 *(EXCLUDE_FILE(*crtend?.o *crtend.o) .dtors)
 *(SORT_BY_NAME(.dtors.*))
 *(.dtors)

.dalign         0x0000000020000000        0x0 load address 0x00000000000022b4
                0x0000000020000000                . = ALIGN (0x4)
                0x0000000020000000                PROVIDE (_data_vma = .)

.dlalign        0x00000000000022b4        0x0
                0x00000000000022b4                . = ALIGN (0x4)
                0x00000000000022b4                PROVIDE (_data_lma = .)

.data           0x0000000020000000       0x90 load address 0x00000000000022b4
 *(.gnu.linkonce.r.*)
 *(.data .data.*)
 .data.APBAHBPrescTable
                0x0000000020000000       0x10 ./Peripheral/src/ch32v20x_rcc.o
 .data.impure_data
                0x0000000020000010       0x60 c:/mounriver/mounriver_studio/toolchain/risc-v embedded gcc/bin/../lib/gcc/riscv-none-embed/8.2.0/../../../../riscv-none-embed/lib/rv32imac/ilp32\libg_nano.a(lib_a-impure.o)
 *(.gnu.linkonce.d.*)
                0x0000000020000070                . = ALIGN (0x8)
                0x0000000020000870                PROVIDE (__global_pointer$ = (. + 0x800))
 *(.sdata .sdata.*)
 .sdata.Data    0x0000000020000070        0x2 ./User/main.o
                0x0000000020000070                Data
 *fill*         0x0000000020000072        0x2 
 .sdata.FLASHStatus
                0x0000000020000074        0x4 ./User/main.o
                0x0000000020000074                FLASHStatus
 .sdata.MemoryProgramStatus
                0x0000000020000078        0x4 ./User/main.o
                0x0000000020000078                MemoryProgramStatus
 .sdata.SystemCoreClock
                0x000000002000007c        0x4 ./User/system_ch32v20x.o
                0x000000002000007c                SystemCoreClock
 .sdata.ADCPrescTable
                0x0000000020000080        0x4 ./Peripheral/src/ch32v20x_rcc.o
 .sdata.curbrk.4573
                0x0000000020000084        0x4 ./Debug/debug.o
 .sdata._impure_ptr
                0x0000000020000088        0x4 c:/mounriver/mounriver_studio/toolchain/risc-v embedded gcc/bin/../lib/gcc/riscv-none-embed/8.2.0/../../../../riscv-none-embed/lib/rv32imac/ilp32\libg_nano.a(lib_a-impure.o)
                0x0000000020000088                _impure_ptr
 *(.sdata2.*)
 .sdata2._global_impure_ptr
                0x000000002000008c        0x4 c:/mounriver/mounriver_studio/toolchain/risc-v embedded gcc/bin/../lib/gcc/riscv-none-embed/8.2.0/../../../../riscv-none-embed/lib/rv32imac/ilp32\libg_nano.a(lib_a-impure.o)
                0x000000002000008c                _global_impure_ptr
 *(.gnu.linkonce.s.*)
                0x0000000020000090                . = ALIGN (0x8)
 *(.srodata.cst16)
 *(.srodata.cst8)
 *(.srodata.cst4)
 *(.srodata.cst2)
 *(.srodata .srodata.*)
                0x0000000020000090                . = ALIGN (0x4)
                0x0000000020000090                PROVIDE (_edata = .)

.bss            0x0000000020000090       0x20 load address 0x0000000000002344
                0x0000000020000090                . = ALIGN (0x4)
                0x0000000020000090                PROVIDE (_sbss = .)
 *(.sbss*)
 .sbss.Address  0x0000000020000090        0x4 ./User/main.o
                0x0000000020000090                Address
 .sbss.EraseCounter
                0x0000000020000094        0x4 ./User/main.o
                0x0000000020000094                EraseCounter
 .sbss.NVIC_Priority_Group
                0x0000000020000098        0x4 ./Peripheral/src/ch32v20x_misc.o
                0x0000000020000098                NVIC_Priority_Group
 .sbss.p_ms     0x000000002000009c        0x2 ./Debug/debug.o
 .sbss.p_us     0x000000002000009e        0x1 ./Debug/debug.o
 *fill*         0x000000002000009f        0x1 
 .sbss.__malloc_free_list
                0x00000000200000a0        0x4 c:/mounriver/mounriver_studio/toolchain/risc-v embedded gcc/bin/../lib/gcc/riscv-none-embed/8.2.0/../../../../riscv-none-embed/lib/rv32imac/ilp32\libg_nano.a(lib_a-nano-mallocr.o)
                0x00000000200000a0                __malloc_free_list
 .sbss.__malloc_sbrk_start
                0x00000000200000a4        0x4 c:/mounriver/mounriver_studio/toolchain/risc-v embedded gcc/bin/../lib/gcc/riscv-none-embed/8.2.0/../../../../riscv-none-embed/lib/rv32imac/ilp32\libg_nano.a(lib_a-nano-mallocr.o)
                0x00000000200000a4                __malloc_sbrk_start
 *(.gnu.linkonce.sb.*)
 *(.bss*)
 *(.gnu.linkonce.b.*)
 *(COMMON*)
 COMMON         0x00000000200000a8        0x4 ./User/main.o
                0x00000000200000a8                NbrOfPage
 COMMON         0x00000000200000ac        0x4 c:/mounriver/mounriver_studio/toolchain/risc-v embedded gcc/bin/../lib/gcc/riscv-none-embed/8.2.0/../../../../riscv-none-embed/lib/rv32imac/ilp32\libg_nano.a(lib_a-reent.o)
                0x00000000200000ac                errno
                0x00000000200000b0                . = ALIGN (0x4)
                0x00000000200000b0                PROVIDE (_ebss = .)
                0x00000000200000b0                PROVIDE (_end = _ebss)
                [!provide]                        PROVIDE (end = .)

.stack          0x0000000020002000      0x800
                0x0000000020002000                PROVIDE (_heap_end = .)
                0x0000000020002000                . = ALIGN (0x4)
                [!provide]                        PROVIDE (_susrstack = .)
                0x0000000020002800                . = (. + __stack_size)
 *fill*         0x0000000020002000      0x800 
                0x0000000020002800                PROVIDE (_eusrstack = .)
OUTPUT(FLASH_Program.elf elf32-littleriscv)

.debug_info     0x0000000000000000     0x8f6f
 .debug_info    0x0000000000000000      0x962 ./User/ch32v20x_it.o
 .debug_info    0x0000000000000962     0x1085 ./User/main.o
 .debug_info    0x00000000000019e7      0xb63 ./User/system_ch32v20x.o
 .debug_info    0x000000000000254a       0x22 ./Startup/startup_ch32v20x_D6.o
 .debug_info    0x000000000000256c     0x1590 ./Peripheral/src/ch32v20x_flash.o
 .debug_info    0x0000000000003afc     0x10c3 ./Peripheral/src/ch32v20x_gpio.o
 .debug_info    0x0000000000004bbf      0xe77 ./Peripheral/src/ch32v20x_misc.o
 .debug_info    0x0000000000005a36     0x126a ./Peripheral/src/ch32v20x_rcc.o
 .debug_info    0x0000000000006ca0     0x13b4 ./Peripheral/src/ch32v20x_usart.o
 .debug_info    0x0000000000008054      0xf1b ./Debug/debug.o

.debug_abbrev   0x0000000000000000     0x1b93
 .debug_abbrev  0x0000000000000000      0x1cf ./User/ch32v20x_it.o
 .debug_abbrev  0x00000000000001cf      0x2be ./User/main.o
 .debug_abbrev  0x000000000000048d      0x2c0 ./User/system_ch32v20x.o
 .debug_abbrev  0x000000000000074d       0x12 ./Startup/startup_ch32v20x_D6.o
 .debug_abbrev  0x000000000000075f      0x494 ./Peripheral/src/ch32v20x_flash.o
 .debug_abbrev  0x0000000000000bf3      0x338 ./Peripheral/src/ch32v20x_gpio.o
 .debug_abbrev  0x0000000000000f2b      0x2fb ./Peripheral/src/ch32v20x_misc.o
 .debug_abbrev  0x0000000000001226      0x362 ./Peripheral/src/ch32v20x_rcc.o
 .debug_abbrev  0x0000000000001588      0x325 ./Peripheral/src/ch32v20x_usart.o
 .debug_abbrev  0x00000000000018ad      0x2e6 ./Debug/debug.o

.debug_aranges  0x0000000000000000      0x500
 .debug_aranges
                0x0000000000000000       0x28 ./User/ch32v20x_it.o
 .debug_aranges
                0x0000000000000028       0x30 ./User/main.o
 .debug_aranges
                0x0000000000000058       0x28 ./User/system_ch32v20x.o
 .debug_aranges
                0x0000000000000080       0x30 ./Startup/startup_ch32v20x_D6.o
 .debug_aranges
                0x00000000000000b0      0x110 ./Peripheral/src/ch32v20x_flash.o
 .debug_aranges
                0x00000000000001c0       0xa8 ./Peripheral/src/ch32v20x_gpio.o
 .debug_aranges
                0x0000000000000268       0x28 ./Peripheral/src/ch32v20x_misc.o
 .debug_aranges
                0x0000000000000290      0x128 ./Peripheral/src/ch32v20x_rcc.o
 .debug_aranges
                0x00000000000003b8      0x100 ./Peripheral/src/ch32v20x_usart.o
 .debug_aranges
                0x00000000000004b8       0x48 ./Debug/debug.o

.debug_ranges   0x0000000000000000      0x4b8
 .debug_ranges  0x0000000000000000       0x18 ./User/ch32v20x_it.o
 .debug_ranges  0x0000000000000018       0x20 ./User/main.o
 .debug_ranges  0x0000000000000038       0x38 ./User/system_ch32v20x.o
 .debug_ranges  0x0000000000000070       0x28 ./Startup/startup_ch32v20x_D6.o
 .debug_ranges  0x0000000000000098      0x100 ./Peripheral/src/ch32v20x_flash.o
 .debug_ranges  0x0000000000000198       0x98 ./Peripheral/src/ch32v20x_gpio.o
 .debug_ranges  0x0000000000000230       0x48 ./Peripheral/src/ch32v20x_misc.o
 .debug_ranges  0x0000000000000278      0x118 ./Peripheral/src/ch32v20x_rcc.o
 .debug_ranges  0x0000000000000390       0xf0 ./Peripheral/src/ch32v20x_usart.o
 .debug_ranges  0x0000000000000480       0x38 ./Debug/debug.o

.debug_line     0x0000000000000000     0x749c
 .debug_line    0x0000000000000000      0x23f ./User/ch32v20x_it.o
 .debug_line    0x000000000000023f      0xa3f ./User/main.o
 .debug_line    0x0000000000000c7e      0x6a1 ./User/system_ch32v20x.o
 .debug_line    0x000000000000131f      0x294 ./Startup/startup_ch32v20x_D6.o
 .debug_line    0x00000000000015b3     0x2055 ./Peripheral/src/ch32v20x_flash.o
 .debug_line    0x0000000000003608     0x1002 ./Peripheral/src/ch32v20x_gpio.o
 .debug_line    0x000000000000460a      0x51f ./Peripheral/src/ch32v20x_misc.o
 .debug_line    0x0000000000004b29     0x11bf ./Peripheral/src/ch32v20x_rcc.o
 .debug_line    0x0000000000005ce8     0x1079 ./Peripheral/src/ch32v20x_usart.o
 .debug_line    0x0000000000006d61      0x73b ./Debug/debug.o

.debug_str      0x0000000000000000     0x1ef0
 .debug_str     0x0000000000000000      0x55a ./User/ch32v20x_it.o
                                        0x5bb (size before relaxing)
 .debug_str     0x000000000000055a      0x2a3 ./User/main.o
                                        0x852 (size before relaxing)
 .debug_str     0x00000000000007fd       0x95 ./User/system_ch32v20x.o
                                        0x6b6 (size before relaxing)
 .debug_str     0x0000000000000892       0x62 ./Startup/startup_ch32v20x_D6.o
                                         0xae (size before relaxing)
 .debug_str     0x00000000000008f4      0x404 ./Peripheral/src/ch32v20x_flash.o
                                        0xb13 (size before relaxing)
 .debug_str     0x0000000000000cf8      0x3cc ./Peripheral/src/ch32v20x_gpio.o
                                        0x9ab (size before relaxing)
 .debug_str     0x00000000000010c4      0x4d6 ./Peripheral/src/ch32v20x_misc.o
                                        0xabf (size before relaxing)
 .debug_str     0x000000000000159a      0x42f ./Peripheral/src/ch32v20x_rcc.o
                                        0xafe (size before relaxing)
 .debug_str     0x00000000000019c9      0x457 ./Peripheral/src/ch32v20x_usart.o
                                        0xb51 (size before relaxing)
 .debug_str     0x0000000000001e20       0xd0 ./Debug/debug.o
                                        0x939 (size before relaxing)

.comment        0x0000000000000000       0x33
 .comment       0x0000000000000000       0x33 ./User/ch32v20x_it.o
                                         0x34 (size before relaxing)
 .comment       0x0000000000000033       0x34 ./User/main.o
 .comment       0x0000000000000033       0x34 ./User/system_ch32v20x.o
 .comment       0x0000000000000033       0x34 ./Peripheral/src/ch32v20x_flash.o
 .comment       0x0000000000000033       0x34 ./Peripheral/src/ch32v20x_gpio.o
 .comment       0x0000000000000033       0x34 ./Peripheral/src/ch32v20x_misc.o
 .comment       0x0000000000000033       0x34 ./Peripheral/src/ch32v20x_rcc.o
 .comment       0x0000000000000033       0x34 ./Peripheral/src/ch32v20x_usart.o
 .comment       0x0000000000000033       0x34 ./Debug/debug.o

.debug_frame    0x0000000000000000     0x1494
 .debug_frame   0x0000000000000000       0x30 ./User/ch32v20x_it.o
 .debug_frame   0x0000000000000030       0xa0 ./User/main.o
 .debug_frame   0x00000000000000d0       0x3c ./User/system_ch32v20x.o
 .debug_frame   0x000000000000010c      0x364 ./Peripheral/src/ch32v20x_flash.o
 .debug_frame   0x0000000000000470      0x150 ./Peripheral/src/ch32v20x_gpio.o
 .debug_frame   0x00000000000005c0       0x30 ./Peripheral/src/ch32v20x_misc.o
 .debug_frame   0x00000000000005f0      0x240 ./Peripheral/src/ch32v20x_rcc.o
 .debug_frame   0x0000000000000830      0x210 ./Peripheral/src/ch32v20x_usart.o
 .debug_frame   0x0000000000000a40       0xa4 ./Debug/debug.o
 .debug_frame   0x0000000000000ae4       0x54 c:/mounriver/mounriver_studio/toolchain/risc-v embedded gcc/bin/../lib/gcc/riscv-none-embed/8.2.0/../../../../riscv-none-embed/lib/rv32imac/ilp32\libg_nano.a(lib_a-printf.o)
 .debug_frame   0x0000000000000b38       0x50 c:/mounriver/mounriver_studio/toolchain/risc-v embedded gcc/bin/../lib/gcc/riscv-none-embed/8.2.0/../../../../riscv-none-embed/lib/rv32imac/ilp32\libg_nano.a(lib_a-putchar.o)
 .debug_frame   0x0000000000000b88       0x54 c:/mounriver/mounriver_studio/toolchain/risc-v embedded gcc/bin/../lib/gcc/riscv-none-embed/8.2.0/../../../../riscv-none-embed/lib/rv32imac/ilp32\libg_nano.a(lib_a-puts.o)
 .debug_frame   0x0000000000000bdc       0x50 c:/mounriver/mounriver_studio/toolchain/risc-v embedded gcc/bin/../lib/gcc/riscv-none-embed/8.2.0/../../../../riscv-none-embed/lib/rv32imac/ilp32\libg_nano.a(lib_a-wbuf.o)
 .debug_frame   0x0000000000000c2c       0x3c c:/mounriver/mounriver_studio/toolchain/risc-v embedded gcc/bin/../lib/gcc/riscv-none-embed/8.2.0/../../../../riscv-none-embed/lib/rv32imac/ilp32\libg_nano.a(lib_a-wsetup.o)
 .debug_frame   0x0000000000000c68       0x7c c:/mounriver/mounriver_studio/toolchain/risc-v embedded gcc/bin/../lib/gcc/riscv-none-embed/8.2.0/../../../../riscv-none-embed/lib/rv32imac/ilp32\libg_nano.a(lib_a-fflush.o)
 .debug_frame   0x0000000000000ce4      0x148 c:/mounriver/mounriver_studio/toolchain/risc-v embedded gcc/bin/../lib/gcc/riscv-none-embed/8.2.0/../../../../riscv-none-embed/lib/rv32imac/ilp32\libg_nano.a(lib_a-findfp.o)
 .debug_frame   0x0000000000000e2c       0x88 c:/mounriver/mounriver_studio/toolchain/risc-v embedded gcc/bin/../lib/gcc/riscv-none-embed/8.2.0/../../../../riscv-none-embed/lib/rv32imac/ilp32\libg_nano.a(lib_a-fwalk.o)
 .debug_frame   0x0000000000000eb4       0x64 c:/mounriver/mounriver_studio/toolchain/risc-v embedded gcc/bin/../lib/gcc/riscv-none-embed/8.2.0/../../../../riscv-none-embed/lib/rv32imac/ilp32\libg_nano.a(lib_a-makebuf.o)
 .debug_frame   0x0000000000000f18       0x40 c:/mounriver/mounriver_studio/toolchain/risc-v embedded gcc/bin/../lib/gcc/riscv-none-embed/8.2.0/../../../../riscv-none-embed/lib/rv32imac/ilp32\libg_nano.a(lib_a-nano-freer.o)
 .debug_frame   0x0000000000000f58       0x40 c:/mounriver/mounriver_studio/toolchain/risc-v embedded gcc/bin/../lib/gcc/riscv-none-embed/8.2.0/../../../../riscv-none-embed/lib/rv32imac/ilp32\libg_nano.a(lib_a-nano-mallocr.o)
 .debug_frame   0x0000000000000f98       0xd0 c:/mounriver/mounriver_studio/toolchain/risc-v embedded gcc/bin/../lib/gcc/riscv-none-embed/8.2.0/../../../../riscv-none-embed/lib/rv32imac/ilp32\libg_nano.a(lib_a-nano-vfprintf.o)
 .debug_frame   0x0000000000001068       0x8c c:/mounriver/mounriver_studio/toolchain/risc-v embedded gcc/bin/../lib/gcc/riscv-none-embed/8.2.0/../../../../riscv-none-embed/lib/rv32imac/ilp32\libg_nano.a(lib_a-nano-vfprintf_i.o)
 .debug_frame   0x00000000000010f4       0x4c c:/mounriver/mounriver_studio/toolchain/risc-v embedded gcc/bin/../lib/gcc/riscv-none-embed/8.2.0/../../../../riscv-none-embed/lib/rv32imac/ilp32\libg_nano.a(lib_a-putc.o)
 .debug_frame   0x0000000000001140       0x30 c:/mounriver/mounriver_studio/toolchain/risc-v embedded gcc/bin/../lib/gcc/riscv-none-embed/8.2.0/../../../../riscv-none-embed/lib/rv32imac/ilp32\libg_nano.a(lib_a-sbrkr.o)
 .debug_frame   0x0000000000001170       0xa4 c:/mounriver/mounriver_studio/toolchain/risc-v embedded gcc/bin/../lib/gcc/riscv-none-embed/8.2.0/../../../../riscv-none-embed/lib/rv32imac/ilp32\libg_nano.a(lib_a-stdio.o)
 .debug_frame   0x0000000000001214       0x30 c:/mounriver/mounriver_studio/toolchain/risc-v embedded gcc/bin/../lib/gcc/riscv-none-embed/8.2.0/../../../../riscv-none-embed/lib/rv32imac/ilp32\libg_nano.a(lib_a-writer.o)
 .debug_frame   0x0000000000001244       0x30 c:/mounriver/mounriver_studio/toolchain/risc-v embedded gcc/bin/../lib/gcc/riscv-none-embed/8.2.0/../../../../riscv-none-embed/lib/rv32imac/ilp32\libg_nano.a(lib_a-closer.o)
 .debug_frame   0x0000000000001274       0x30 c:/mounriver/mounriver_studio/toolchain/risc-v embedded gcc/bin/../lib/gcc/riscv-none-embed/8.2.0/../../../../riscv-none-embed/lib/rv32imac/ilp32\libg_nano.a(lib_a-fstatr.o)
 .debug_frame   0x00000000000012a4       0x30 c:/mounriver/mounriver_studio/toolchain/risc-v embedded gcc/bin/../lib/gcc/riscv-none-embed/8.2.0/../../../../riscv-none-embed/lib/rv32imac/ilp32\libg_nano.a(lib_a-isattyr.o)
 .debug_frame   0x00000000000012d4       0x30 c:/mounriver/mounriver_studio/toolchain/risc-v embedded gcc/bin/../lib/gcc/riscv-none-embed/8.2.0/../../../../riscv-none-embed/lib/rv32imac/ilp32\libg_nano.a(lib_a-lseekr.o)
 .debug_frame   0x0000000000001304       0x20 c:/mounriver/mounriver_studio/toolchain/risc-v embedded gcc/bin/../lib/gcc/riscv-none-embed/8.2.0/../../../../riscv-none-embed/lib/rv32imac/ilp32\libg_nano.a(lib_a-memchr.o)
 .debug_frame   0x0000000000001324       0x30 c:/mounriver/mounriver_studio/toolchain/risc-v embedded gcc/bin/../lib/gcc/riscv-none-embed/8.2.0/../../../../riscv-none-embed/lib/rv32imac/ilp32\libg_nano.a(lib_a-mlock.o)
 .debug_frame   0x0000000000001354       0x30 c:/mounriver/mounriver_studio/toolchain/risc-v embedded gcc/bin/../lib/gcc/riscv-none-embed/8.2.0/../../../../riscv-none-embed/lib/rv32imac/ilp32\libg_nano.a(lib_a-readr.o)
 .debug_frame   0x0000000000001384       0x70 c:/mounriver/mounriver_studio/toolchain/risc-v embedded gcc/bin/../lib/gcc/riscv-none-embed/8.2.0/../../../../riscv-none-embed/lib/rv32imac/ilp32\libg_nano.a(lib_a-reent.o)
 .debug_frame   0x00000000000013f4       0x20 c:/mounriver/mounriver_studio/toolchain/risc-v embedded gcc/bin/../lib/gcc/riscv-none-embed/8.2.0/../../../../riscv-none-embed/lib/rv32imac/ilp32\libnosys.a(close.o)
 .debug_frame   0x0000000000001414       0x20 c:/mounriver/mounriver_studio/toolchain/risc-v embedded gcc/bin/../lib/gcc/riscv-none-embed/8.2.0/../../../../riscv-none-embed/lib/rv32imac/ilp32\libnosys.a(fstat.o)
 .debug_frame   0x0000000000001434       0x20 c:/mounriver/mounriver_studio/toolchain/risc-v embedded gcc/bin/../lib/gcc/riscv-none-embed/8.2.0/../../../../riscv-none-embed/lib/rv32imac/ilp32\libnosys.a(isatty.o)
 .debug_frame   0x0000000000001454       0x20 c:/mounriver/mounriver_studio/toolchain/risc-v embedded gcc/bin/../lib/gcc/riscv-none-embed/8.2.0/../../../../riscv-none-embed/lib/rv32imac/ilp32\libnosys.a(lseek.o)
 .debug_frame   0x0000000000001474       0x20 c:/mounriver/mounriver_studio/toolchain/risc-v embedded gcc/bin/../lib/gcc/riscv-none-embed/8.2.0/../../../../riscv-none-embed/lib/rv32imac/ilp32\libnosys.a(read.o)

.debug_loc      0x0000000000000000     0x266f
 .debug_loc     0x0000000000000000       0xbd ./User/main.o
 .debug_loc     0x00000000000000bd       0xb7 ./User/system_ch32v20x.o
 .debug_loc     0x0000000000000174      0xb9f ./Peripheral/src/ch32v20x_flash.o
 .debug_loc     0x0000000000000d13      0x7bb ./Peripheral/src/ch32v20x_gpio.o
 .debug_loc     0x00000000000014ce       0xce ./Peripheral/src/ch32v20x_misc.o
 .debug_loc     0x000000000000159c      0x797 ./Peripheral/src/ch32v20x_rcc.o
 .debug_loc     0x0000000000001d33      0x794 ./Peripheral/src/ch32v20x_usart.o
 .debug_loc     0x00000000000024c7      0x1a8 ./Debug/debug.o

.stab           0x0000000000000000       0x84
 .stab          0x0000000000000000       0x24 c:/mounriver/mounriver_studio/toolchain/risc-v embedded gcc/bin/../lib/gcc/riscv-none-embed/8.2.0/../../../../riscv-none-embed/lib/rv32imac/ilp32\libnosys.a(close.o)
 .stab          0x0000000000000024       0x18 c:/mounriver/mounriver_studio/toolchain/risc-v embedded gcc/bin/../lib/gcc/riscv-none-embed/8.2.0/../../../../riscv-none-embed/lib/rv32imac/ilp32\libnosys.a(fstat.o)
                                         0x24 (size before relaxing)
 .stab          0x000000000000003c       0x18 c:/mounriver/mounriver_studio/toolchain/risc-v embedded gcc/bin/../lib/gcc/riscv-none-embed/8.2.0/../../../../riscv-none-embed/lib/rv32imac/ilp32\libnosys.a(isatty.o)
                                         0x24 (size before relaxing)
 .stab          0x0000000000000054       0x18 c:/mounriver/mounriver_studio/toolchain/risc-v embedded gcc/bin/../lib/gcc/riscv-none-embed/8.2.0/../../../../riscv-none-embed/lib/rv32imac/ilp32\libnosys.a(lseek.o)
                                         0x24 (size before relaxing)
 .stab          0x000000000000006c       0x18 c:/mounriver/mounriver_studio/toolchain/risc-v embedded gcc/bin/../lib/gcc/riscv-none-embed/8.2.0/../../../../riscv-none-embed/lib/rv32imac/ilp32\libnosys.a(read.o)
                                         0x24 (size before relaxing)

.stabstr        0x0000000000000000      0x117
 .stabstr       0x0000000000000000      0x117 c:/mounriver/mounriver_studio/toolchain/risc-v embedded gcc/bin/../lib/gcc/riscv-none-embed/8.2.0/../../../../riscv-none-embed/lib/rv32imac/ilp32\libnosys.a(close.o)
